R version 3.2.2 (2015-08-14) -- "Fire Safety"
Copyright (C) 2015 The R Foundation for Statistical Computing
Platform: x86_64-unknown-linux-gnu (64-bit)

R is free software and comes with ABSOLUTELY NO WARRANTY.
You are welcome to redistribute it under certain conditions.
Type 'license()' or 'licence()' for distribution details.

  Natural language support but running in an English locale

R is a collaborative project with many contributors.
Type 'contributors()' for more information and
'citation()' on how to cite R or R packages in publications.

Type 'demo()' for some demos, 'help()' for on-line help, or
'help.start()' for an HTML browser interface to help.
Type 'q()' to quit R.

> setwd(/scratch1/calvinc/DEXSeqAnalysisMouse)
Error: unexpected '/' in "setwd(/"
> setwd("/scratch1/calvinc/DEXSeqAnalysisMouse")
> inDir = getwd()
> countFiles = list.files(inDir, pattern="accepted_hits.txt$", full.names=TRUE)
> countFiles
 [1] "/scratch1/calvinc/DEXSeqAnalysisMouse/SRR33trimTop.accepted_hits.txt"
 [2] "/scratch1/calvinc/DEXSeqAnalysisMouse/SRR34trimTop.accepted_hits.txt"
 [3] "/scratch1/calvinc/DEXSeqAnalysisMouse/SRR35trimTop.accepted_hits.txt"
 [4] "/scratch1/calvinc/DEXSeqAnalysisMouse/SRR36trimTop.accepted_hits.txt"
 [5] "/scratch1/calvinc/DEXSeqAnalysisMouse/SRR37trimTop.accepted_hits.txt"
 [6] "/scratch1/calvinc/DEXSeqAnalysisMouse/SRR38trimTop.accepted_hits.txt"
 [7] "/scratch1/calvinc/DEXSeqAnalysisMouse/SRR39trimTop.accepted_hits.txt"
 [8] "/scratch1/calvinc/DEXSeqAnalysisMouse/SRR40trimTop.accepted_hits.txt"
 [9] "/scratch1/calvinc/DEXSeqAnalysisMouse/SRR41trimTop.accepted_hits.txt"
[10] "/scratch1/calvinc/DEXSeqAnalysisMouse/SRR42trimTop.accepted_hits.txt"
[11] "/scratch1/calvinc/DEXSeqAnalysisMouse/SRR43trimTop.accepted_hits.txt"
[12] "/scratch1/calvinc/DEXSeqAnalysisMouse/SRR44trimTop.accepted_hits.txt"
[13] "/scratch1/calvinc/DEXSeqAnalysisMouse/SRR45trimTop.accepted_hits.txt"
[14] "/scratch1/calvinc/DEXSeqAnalysisMouse/SRR46trimTop.accepted_hits.txt"
[15] "/scratch1/calvinc/DEXSeqAnalysisMouse/SRR47trimTop.accepted_hits.txt"
[16] "/scratch1/calvinc/DEXSeqAnalysisMouse/SRR48trimTop.accepted_hits.txt"
[17] "/scratch1/calvinc/DEXSeqAnalysisMouse/SRR49trimTop.accepted_hits.txt"
[18] "/scratch1/calvinc/DEXSeqAnalysisMouse/SRR50trimTop.accepted_hits.txt"
[19] "/scratch1/calvinc/DEXSeqAnalysisMouse/SRR51trimTop.accepted_hits.txt"
[20] "/scratch1/calvinc/DEXSeqAnalysisMouse/SRR52trimTop.accepted_hits.txt"
[21] "/scratch1/calvinc/DEXSeqAnalysisMouse/SRR53trimTop.accepted_hits.txt"
[22] "/scratch1/calvinc/DEXSeqAnalysisMouse/SRR54trimTop.accepted_hits.txt"
[23] "/scratch1/calvinc/DEXSeqAnalysisMouse/SRR55trimTop.accepted_hits.txt"
[24] "/scratch1/calvinc/DEXSeqAnalysisMouse/SRR56trimTop.accepted_hits.txt"
[25] "/scratch1/calvinc/DEXSeqAnalysisMouse/SRR57trimTop.accepted_hits.txt"
[26] "/scratch1/calvinc/DEXSeqAnalysisMouse/SRR58trimTop.accepted_hits.txt"
[27] "/scratch1/calvinc/DEXSeqAnalysisMouse/SRR59trimTop.accepted_hits.txt"
> flattenedFile = list.files(inDir, pattern="gff$", full.names=TRUE)
> flattenedFile
[1] "/scratch1/calvinc/DEXSeqAnalysisMouse/Mus_musculus.GRCm38.Some.gff"
> mouseTable = data.frame(
+ row.names = c( "SRR33" , "SRR34" , "SRR35" , "SRR36" ,  "SRR37" , "SRR38" , "SRR39" , "SRR40" , "SRR41" , "SRR42" , "SRR43" , "SRR44" , "SRR45" , "SRR46" , "SRR47" , 
+ "SRR48" , "SRR49" , "SRR50" , "SRR51" , "SRR52" , "SRR53" , "SRR54" , "SRR55" , "SRR56" , "SRR57" , "SRR58" , "SRR59"),)
Error in data.frame(row.names = c("SRR33", "SRR34", "SRR35", "SRR36",  : 
  argument is missing, with no default
> mouseTable = data.frame(
+ row.names = c( "SRR33" , "SRR34" , "SRR35" , "SRR36" ,  "SRR37" , "SRR38" , "SRR39" , "SRR40" , "SRR41" , "SRR42" , "SRR43" , "SRR44" , "SRR45" , "SRR46" , "SRR47" , "SRR48" , "SRR49" , "SRR50" , "SRR51" , "SRR52" , "SRR53" , "SRR54" , "SRR55" , "SRR56" , "SRR57" , "SRR58" , "SRR59"),
+ condition = c( "E13.5", "E13.5", "E13.5", "E13.5", "E13.5", "E13.5", "E13.5", "Adult6wk", "Adult6wk", "Adult6wk", "Adult6wk", "Adult6wk", "Adult6wk", "Adult16wk", "Adult16wk", "Adult16wk", "Adult16wk", "Adult16wk", "Adult16wk", "Sham12wk", "Sham12wk", "Sham12wk", "Sham12wk", "TAC4wk12wk", "TAC4wk12wk", "TAC4wk12wk", "TAC4wk12wk"),
+ libType = c( "single-end" , "single-end" , "single-end" , "single-end" , "single-end" , "single-end" , "single-end" , "single-end" , "single-end" , "single-end" , "single-end" , "single-end" , "single-end" , "single-end" , "single-end" , "single-end" , "single-end" , "single-end" , "single-end" , "single-end" , "single-end" , "single-end" , "single-end" , "single-end" , "single-end" , "single-end" , "single-end"))
> mouseTable
       condition    libType
SRR33      E13.5 single-end
SRR34      E13.5 single-end
SRR35      E13.5 single-end
SRR36      E13.5 single-end
SRR37      E13.5 single-end
SRR38      E13.5 single-end
SRR39      E13.5 single-end
SRR40   Adult6wk single-end
SRR41   Adult6wk single-end
SRR42   Adult6wk single-end
SRR43   Adult6wk single-end
SRR44   Adult6wk single-end
SRR45   Adult6wk single-end
SRR46  Adult16wk single-end
SRR47  Adult16wk single-end
SRR48  Adult16wk single-end
SRR49  Adult16wk single-end
SRR50  Adult16wk single-end
SRR51  Adult16wk single-end
SRR52   Sham12wk single-end
SRR53   Sham12wk single-end
SRR54   Sham12wk single-end
SRR55   Sham12wk single-end
SRR56 TAC4wk12wk single-end
SRR57 TAC4wk12wk single-end
SRR58 TAC4wk12wk single-end
SRR59 TAC4wk12wk single-end
> suppressPackageStartupMessages( library( "DEXSeq" ) )
Creating a generic function for âncharâ from package âbaseâ in package âS4Vectorsâ
> dxd = DEXSeqDataSetFromHTSeq(
+ countFiles
+ countFiles,
Error: unexpected symbol in:
"countFiles
countFiles"
> dxd = DEXSeqDataSetFromHTSeq(
+ countFiles,
+ sampleData=mouseTable,
+ design= ~ sample + exon + condition:exon
+ ,
+ flattenedfile=flattenedFile)
converting counts to integer mode
> dxd = testForDEU(dxd)
Error in testForDEU(dxd) : 
  first call estimateSizeFactors or provide a normalizationFactor matrix
> dxd = estimateSizeFactors(dxd)
> dxd = estimateDispersions(dxd)
using supplied model matrix
-- note: fitType='parametric', but the dispersion trend was not well captured by the
   function: y = a/x + b, and a local regression fit was automatically substituted.
   specify fitType='local' or 'mean' to avoid this message next time.
using supplied model matrix
> dxd = testForDEU(dxd2)
Error in sizeFactors(object) : 
  error in evaluating the argument 'object' in selecting a method for function 'sizeFactors': Error: object 'dxd2' not found
> dxd = testForDEU(dxd)
using supplied model matrix
> dxdr1 = DEXSeqResults(dxd)
> dxdr1

LRT p-value: full vs reduced

DataFrame with 582 rows and 10 columns
                                   groupID   featureID exonBaseMean  dispersion
                               <character> <character>    <numeric>   <numeric>
ENSMUSG00000002107:E001 ENSMUSG00000002107        E001    0.0000000          NA
ENSMUSG00000002107:E002 ENSMUSG00000002107        E002   62.0473543 0.005979932
ENSMUSG00000002107:E003 ENSMUSG00000002107        E003   80.6062900 0.003706129
ENSMUSG00000002107:E004 ENSMUSG00000002107        E004   94.0015905 0.005920118
ENSMUSG00000002107:E005 ENSMUSG00000002107        E005    0.8306436 0.019880347
...                                    ...         ...          ...         ...
ENSMUSG00000057666:E027 ENSMUSG00000057666        E027     4.891518 0.017555774
ENSMUSG00000057666:E028 ENSMUSG00000057666        E028     3.292959 0.008197721
ENSMUSG00000057666:E029 ENSMUSG00000057666        E029     1.407803 0.018032381
ENSMUSG00000057666:E030 ENSMUSG00000057666        E030     2.042890 0.072589050
ENSMUSG00000057666:E031 ENSMUSG00000057666        E031     0.603857 0.067673996
                              stat       pvalue         padj
                         <numeric>    <numeric>    <numeric>
ENSMUSG00000002107:E001         NA           NA           NA
ENSMUSG00000002107:E002  76.643932 8.945752e-16 5.079909e-15
ENSMUSG00000002107:E003  32.471032 1.532602e-06 4.747084e-06
ENSMUSG00000002107:E004  66.743967 1.103917e-13 5.542825e-13
ENSMUSG00000002107:E005   5.833195 2.119565e-01 2.847979e-01
...                            ...          ...          ...
ENSMUSG00000057666:E027 105.450796 6.789380e-22 4.906870e-21
ENSMUSG00000057666:E028 104.742791 9.609494e-22 6.841386e-21
ENSMUSG00000057666:E029  12.043332 1.703193e-02 3.136768e-02
ENSMUSG00000057666:E030   8.264146 8.236758e-02 1.279783e-01
ENSMUSG00000057666:E031  15.204211 4.295882e-03 8.832481e-03
                                          genomicData       countData
                                            <GRanges>        <matrix>
ENSMUSG00000002107:E001     chr2:-:[6539694, 6539704]       0 0 0 ...
ENSMUSG00000002107:E002     chr2:-:[6539705, 6541868]   107 73 73 ...
ENSMUSG00000002107:E003     chr2:-:[6541869, 6543429] 170 109 132 ...
ENSMUSG00000002107:E004     chr2:-:[6543430, 6544806] 301 158 214 ...
ENSMUSG00000002107:E005     chr2:-:[6544807, 6544840]       2 2 1 ...
...                                               ...             ...
ENSMUSG00000057666:E027 chr6:-:[125165577, 125165590]      18 5 9 ...
ENSMUSG00000057666:E028 chr6:-:[125165591, 125165603]       7 3 4 ...
ENSMUSG00000057666:E029 chr6:-:[125165604, 125165605]       5 0 4 ...
ENSMUSG00000057666:E030 chr6:-:[125165606, 125165773]       7 0 7 ...
ENSMUSG00000057666:E031 chr6:-:[125166394, 125166467]       2 0 2 ...
                        transcripts
                             <list>
ENSMUSG00000002107:E001    ########
ENSMUSG00000002107:E002    ########
ENSMUSG00000002107:E003    ########
ENSMUSG00000002107:E004    ########
ENSMUSG00000002107:E005    ########
...                             ...
ENSMUSG00000057666:E027    ########
ENSMUSG00000057666:E028    ########
ENSMUSG00000057666:E029    ########
ENSMUSG00000057666:E030    ########
ENSMUSG00000057666:E031    ########
> plotMA( dxr1, cex=0.8 )
Error in plotMA(dxr1, cex = 0.8) : 
  error in evaluating the argument 'object' in selecting a method for function 'plotMA': Error: object 'dxr1' not found
> plotMA( dxdr1, cex=0.8 )
Error in NSBS(i, x, exact = exact, upperBoundIsStrict = !allow.append) : 
  subscript contains NAs or out-of-bounds indices
> plotDEXSeq( dxdr1, ENSMUSG00000041058, displayTranscripts=TRUE, legend=TRUE, cex.axis=1.2, cex=1.3, lwd=2)
Error in which(object$groupID == geneID) : 
  error in evaluating the argument 'x' in selecting a method for function 'which': Error: object 'ENSMUSG00000041058' not found
> plotDEXSeq( dxdr1, "ENSMUSG00000041058", displayTranscripts=TRUE, legend=TRUE, cex.axis=1.2, cex=1.3, lwd=2)
> plotDEXSeq( dxdr1, "ENSMUSG00000041058", displayTranscripts=TRUE, legend=TRUE, cex.axis=1.2, cex=1.3, lwd=2)
> jpeg('rplot.jpg')
> plotDEXSeq( dxdr1, "ENSMUSG00000041058", displayTranscripts=TRUE, legend=TRUE, cex.axis=1.2, cex=1.3, lwd=2)
> dev.off()
pdf 
  2 
> DEXSeqHTML(dxdr1, FDR=0.1)
> plotDEXSeq()
Error in is(object, "DEXSeqResults") : 
  argument "object" is missing, with no default
> plotDEXSeq(help)
Error: is(object, "DEXSeqResults") is not TRUE
> plotDEXSeq(help)
